Archive member included because of file (symbol)

c:/program files (x86)/gnu tools arm embedded/4.8 2014q3/bin/../lib/gcc/arm-none-eabi/4.8.4/../../../../arm-none-eabi/lib/armv7-m\libm.a(lib_a-s_cos.o)
                              ..\obj\ST7735.o (cos)
c:/program files (x86)/gnu tools arm embedded/4.8 2014q3/bin/../lib/gcc/arm-none-eabi/4.8.4/../../../../arm-none-eabi/lib/armv7-m\libm.a(lib_a-s_sin.o)
                              ..\obj\ST7735.o (sin)
c:/program files (x86)/gnu tools arm embedded/4.8 2014q3/bin/../lib/gcc/arm-none-eabi/4.8.4/../../../../arm-none-eabi/lib/armv7-m\libm.a(lib_a-w_pow.o)
                              ..\obj\BMP180.o (pow)
c:/program files (x86)/gnu tools arm embedded/4.8 2014q3/bin/../lib/gcc/arm-none-eabi/4.8.4/../../../../arm-none-eabi/lib/armv7-m\libm.a(lib_a-e_pow.o)
                              c:/program files (x86)/gnu tools arm embedded/4.8 2014q3/bin/../lib/gcc/arm-none-eabi/4.8.4/../../../../arm-none-eabi/lib/armv7-m\libm.a(lib_a-w_pow.o) (__ieee754_pow)
c:/program files (x86)/gnu tools arm embedded/4.8 2014q3/bin/../lib/gcc/arm-none-eabi/4.8.4/../../../../arm-none-eabi/lib/armv7-m\libm.a(lib_a-e_rem_pio2.o)
                              c:/program files (x86)/gnu tools arm embedded/4.8 2014q3/bin/../lib/gcc/arm-none-eabi/4.8.4/../../../../arm-none-eabi/lib/armv7-m\libm.a(lib_a-s_cos.o) (__ieee754_rem_pio2)
c:/program files (x86)/gnu tools arm embedded/4.8 2014q3/bin/../lib/gcc/arm-none-eabi/4.8.4/../../../../arm-none-eabi/lib/armv7-m\libm.a(lib_a-e_sqrt.o)
                              c:/program files (x86)/gnu tools arm embedded/4.8 2014q3/bin/../lib/gcc/arm-none-eabi/4.8.4/../../../../arm-none-eabi/lib/armv7-m\libm.a(lib_a-e_pow.o) (__ieee754_sqrt)
c:/program files (x86)/gnu tools arm embedded/4.8 2014q3/bin/../lib/gcc/arm-none-eabi/4.8.4/../../../../arm-none-eabi/lib/armv7-m\libm.a(lib_a-k_cos.o)
                              c:/program files (x86)/gnu tools arm embedded/4.8 2014q3/bin/../lib/gcc/arm-none-eabi/4.8.4/../../../../arm-none-eabi/lib/armv7-m\libm.a(lib_a-s_cos.o) (__kernel_cos)
c:/program files (x86)/gnu tools arm embedded/4.8 2014q3/bin/../lib/gcc/arm-none-eabi/4.8.4/../../../../arm-none-eabi/lib/armv7-m\libm.a(lib_a-k_rem_pio2.o)
                              c:/program files (x86)/gnu tools arm embedded/4.8 2014q3/bin/../lib/gcc/arm-none-eabi/4.8.4/../../../../arm-none-eabi/lib/armv7-m\libm.a(lib_a-e_rem_pio2.o) (__kernel_rem_pio2)
c:/program files (x86)/gnu tools arm embedded/4.8 2014q3/bin/../lib/gcc/arm-none-eabi/4.8.4/../../../../arm-none-eabi/lib/armv7-m\libm.a(lib_a-k_sin.o)
                              c:/program files (x86)/gnu tools arm embedded/4.8 2014q3/bin/../lib/gcc/arm-none-eabi/4.8.4/../../../../arm-none-eabi/lib/armv7-m\libm.a(lib_a-s_cos.o) (__kernel_sin)
c:/program files (x86)/gnu tools arm embedded/4.8 2014q3/bin/../lib/gcc/arm-none-eabi/4.8.4/../../../../arm-none-eabi/lib/armv7-m\libm.a(lib_a-s_fabs.o)
                              c:/program files (x86)/gnu tools arm embedded/4.8 2014q3/bin/../lib/gcc/arm-none-eabi/4.8.4/../../../../arm-none-eabi/lib/armv7-m\libm.a(lib_a-e_pow.o) (fabs)
c:/program files (x86)/gnu tools arm embedded/4.8 2014q3/bin/../lib/gcc/arm-none-eabi/4.8.4/../../../../arm-none-eabi/lib/armv7-m\libm.a(lib_a-s_finite.o)
                              c:/program files (x86)/gnu tools arm embedded/4.8 2014q3/bin/../lib/gcc/arm-none-eabi/4.8.4/../../../../arm-none-eabi/lib/armv7-m\libm.a(lib_a-w_pow.o) (finite)
c:/program files (x86)/gnu tools arm embedded/4.8 2014q3/bin/../lib/gcc/arm-none-eabi/4.8.4/../../../../arm-none-eabi/lib/armv7-m\libm.a(lib_a-s_floor.o)
                              c:/program files (x86)/gnu tools arm embedded/4.8 2014q3/bin/../lib/gcc/arm-none-eabi/4.8.4/../../../../arm-none-eabi/lib/armv7-m\libm.a(lib_a-k_rem_pio2.o) (floor)
c:/program files (x86)/gnu tools arm embedded/4.8 2014q3/bin/../lib/gcc/arm-none-eabi/4.8.4/../../../../arm-none-eabi/lib/armv7-m\libm.a(lib_a-s_fpclassify.o)
                              c:/program files (x86)/gnu tools arm embedded/4.8 2014q3/bin/../lib/gcc/arm-none-eabi/4.8.4/../../../../arm-none-eabi/lib/armv7-m\libm.a(lib_a-w_pow.o) (__fpclassifyd)
c:/program files (x86)/gnu tools arm embedded/4.8 2014q3/bin/../lib/gcc/arm-none-eabi/4.8.4/../../../../arm-none-eabi/lib/armv7-m\libm.a(lib_a-s_lib_ver.o)
                              c:/program files (x86)/gnu tools arm embedded/4.8 2014q3/bin/../lib/gcc/arm-none-eabi/4.8.4/../../../../arm-none-eabi/lib/armv7-m\libm.a(lib_a-w_pow.o) (__fdlib_version)
c:/program files (x86)/gnu tools arm embedded/4.8 2014q3/bin/../lib/gcc/arm-none-eabi/4.8.4/../../../../arm-none-eabi/lib/armv7-m\libm.a(lib_a-s_matherr.o)
                              c:/program files (x86)/gnu tools arm embedded/4.8 2014q3/bin/../lib/gcc/arm-none-eabi/4.8.4/../../../../arm-none-eabi/lib/armv7-m\libm.a(lib_a-w_pow.o) (matherr)
[...]
Memory Configuration

Name             Origin             Length             Attributes
rom              0x08000000         0x00010000         xr
ram              0x20000000         0x00005000         xrw
*default*        0x00000000         0xffffffff

Linker script and memory map

                0x20005000                _eram = 0x20005000

.text           0x08000000     0x72ac
 *(.isr_vector)
 .isr_vector    0x08000000      0x10c ..\obj\startup_stm32f10x_md.o
                0x08000000                g_pfnVectors
 *(.text*)
 .text.Standard_GetConfiguration
                0x0800010c       0x3c ..\obj\usb_core.o
                0x0800010c                Standard_GetConfiguration
 .text.Standard_SetConfiguration
                0x08000148       0x50 ..\obj\usb_core.o
                0x08000148                Standard_SetConfiguration
 .text.Standard_GetInterface
                0x08000198       0x3c ..\obj\usb_core.o
                0x08000198                Standard_GetInterface
 .text.Standard_SetInterface
                0x080001d4       0x8c ..\obj\usb_core.o
                0x080001d4                Standard_SetInterface
 .text.Standard_GetStatus
                0x08000260      0x138 ..\obj\usb_core.o
                0x08000260                Standard_GetStatus
 .text.Standard_ClearFeature
                0x08000398      0x1d8 ..\obj\usb_core.o
                0x08000398                Standard_ClearFeature
 .text.Standard_SetEndPointFeature
                0x08000570      0x118 ..\obj\usb_core.o
                0x08000570                Standard_SetEndPointFeature
 .text.Standard_SetDeviceFeature
                0x08000688       0x2c ..\obj\usb_core.o
                0x08000688                Standard_SetDeviceFeature
 .text.Standard_GetDescriptorData
                0x080006b4       0x48 ..\obj\usb_core.o
                0x080006b4                Standard_GetDescriptorData
 .text.DataStageOut
                0x080006fc      0x104 ..\obj\usb_core.o
 .text.DataStageIn
                0x08000800      0x10c ..\obj\usb_core.o
 .text.NoData_Setup0
                0x0800090c      0x194 ..\obj\usb_core.o
 .text.Data_Setup0
                0x08000aa0      0x324 ..\obj\usb_core.o
 .text.Setup0_Process
                0x08000dc4       0xd8 ..\obj\usb_core.o
                0x08000dc4                Setup0_Process
 .text.In0_Process
                0x08000e9c       0x90 ..\obj\usb_core.o
                0x08000e9c                In0_Process
 .text.Out0_Process
                0x08000f2c       0x74 ..\obj\usb_core.o
                0x08000f2c                Out0_Process
 .text.Post0_Process
                0x08000fa0       0x50 ..\obj\usb_core.o
                0x08000fa0                Post0_Process
 .text.SetDeviceAddress
                0x08000ff0       0x7c ..\obj\usb_core.o
                0x08000ff0                SetDeviceAddress
 .text.NOP_Process
                0x0800106c        0xc ..\obj\usb_core.o
                0x0800106c                NOP_Process
 .text.CTR_LP   0x08001078      0x308 ..\obj\usb_int.o
                0x08001078                CTR_LP
 .text.SystemInit
                0x08001380       0x68 ..\obj\system_stm32f10x.o
                0x08001380                SystemInit
 .text.SetSysClock
                0x080013e8        0xc ..\obj\system_stm32f10x.o
 .text.SetSysClockTo72
                0x080013f4      0x100 ..\obj\system_stm32f10x.o
 .text.SetBTABLE
                0x080014f4       0x24 ..\obj\usb_regs.o
                0x080014f4                SetBTABLE
 .text.SetEPType
                0x08001518       0x48 ..\obj\usb_regs.o
                0x08001518                SetEPType
 .text.SetEPTxStatus
                0x08001560       0x6c ..\obj\usb_regs.o
                0x08001560                SetEPTxStatus
 .text.SetEPRxStatus
                0x080015cc       0x6c ..\obj\usb_regs.o
                0x080015cc                SetEPRxStatus
 .text.SetEPTxValid
                0x08001638       0x50 ..\obj\usb_regs.o
                0x08001638                SetEPTxValid
 .text.SetEPRxValid
                0x08001688       0x50 ..\obj\usb_regs.o
                0x08001688                SetEPRxValid
 .text.Clear_Status_Out
                0x080016d8       0x50 ..\obj\usb_regs.o
                0x080016d8                Clear_Status_Out
 .text.ClearDTOG_RX
                0x08001728       0x5c ..\obj\usb_regs.o
                0x08001728                ClearDTOG_RX
 .text.ClearDTOG_TX
                0x08001784       0x5c ..\obj\usb_regs.o
                0x08001784                ClearDTOG_TX
 .text.SetEPTxAddr
                0x080017e0       0x40 ..\obj\usb_regs.o
                0x080017e0                SetEPTxAddr
 .text.SetEPRxAddr
                0x08001820       0x40 ..\obj\usb_regs.o
                0x08001820                SetEPRxAddr
 .text.GetEPTxAddr
                0x08001860       0x38 ..\obj\usb_regs.o
                0x08001860                GetEPTxAddr
 .text.GetEPRxAddr
                0x08001898       0x38 ..\obj\usb_regs.o
                0x08001898                GetEPRxAddr
 .text.SetEPTxCount
                0x080018d0       0x38 ..\obj\usb_regs.o
                0x080018d0                SetEPTxCount
 .text.SetEPRxCount
                0x08001908       0x84 ..\obj\usb_regs.o
                0x08001908                SetEPRxCount
 .text.GetEPRxCount
                0x0800198c       0x3c ..\obj\usb_regs.o
                0x0800198c                GetEPRxCount
 .text.ByteSwap
                0x080019c8       0x30 ..\obj\usb_regs.o
                0x080019c8                ByteSwap
 .text.Default_Reset_Handler
                0x080019f8       0x60 ..\obj\startup_stm32f10x_md.o
                0x080019f8                Default_Reset_Handler
                0x080019f8                Reset_Handler
 .text.Default_Handler
                0x08001a58        0x8 ..\obj\startup_stm32f10x_md.o
                0x08001a58                EXTI2_IRQHandler
                0x08001a58                DebugMon_Handler
                0x08001a58                TIM1_CC_IRQHandler
                0x08001a58                HardFault_Handler
                0x08001a58                PVD_IRQHandler
                0x08001a58                PendSV_Handler
                0x08001a58                NMI_Handler
                0x08001a58                EXTI3_IRQHandler
                0x08001a58                EXTI0_IRQHandler
                0x08001a58                I2C2_EV_IRQHandler
                0x08001a58                UsageFault_Handler
                0x08001a58                ADC1_2_IRQHandler
                0x08001a58                SPI1_IRQHandler
                0x08001a58                TAMPER_IRQHandler
                0x08001a58                DMA1_Channel4_IRQHandler
                0x08001a58                USART3_IRQHandler
                0x08001a58                RTC_IRQHandler
                0x08001a58                DMA1_Channel7_IRQHandler
                0x08001a58                CAN1_RX1_IRQHandler
                0x08001a58                TIM4_IRQHandler
                0x08001a58                I2C1_EV_IRQHandler
                0x08001a58                DMA1_Channel6_IRQHandler
                0x08001a58                TIM3_IRQHandler
                0x08001a58                RCC_IRQHandler
                0x08001a58                TIM1_TRG_COM_IRQHandler
                0x08001a58                DMA1_Channel1_IRQHandler
                0x08001a58                EXTI15_10_IRQHandler
                0x08001a58                EXTI9_5_IRQHandler
                0x08001a58                SPI2_IRQHandler
                0x08001a58                MemManage_Handler
                0x08001a58                SVC_Handler
                0x08001a58                DMA1_Channel5_IRQHandler
                0x08001a58                EXTI4_IRQHandler
                0x08001a58                USB_HP_CAN1_TX_IRQHandler
                0x08001a58                DMA1_Channel3_IRQHandler
                0x08001a58                TIM1_UP_IRQHandler
                0x08001a58                WWDG_IRQHandler
                0x08001a58                TIM2_IRQHandler
                0x08001a58                TIM1_BRK_IRQHandler
                0x08001a58                EXTI1_IRQHandler
                0x08001a58                RTCAlarm_IRQHandler
                0x08001a58                USART2_IRQHandler
                0x08001a58                I2C2_ER_IRQHandler
                0x08001a58                DMA1_Channel2_IRQHandler
                0x08001a58                CAN1_SCE_IRQHandler
                0x08001a58                FLASH_IRQHandler
                0x08001a58                BusFault_Handler
                0x08001a58                USART1_IRQHandler
                0x08001a58                I2C1_ER_IRQHandler
                0x08001a58                USBWakeUp_IRQHandler
 .text.NVIC_SetPriority
                0x08001a60       0x54 ..\obj\hw_config.o
 .text.SysTick_Config
                0x08001ab4       0x44 ..\obj\hw_config.o
 .text.delay_ms
                0x08001af8       0x28 ..\obj\hw_config.o
                0x08001af8                delay_ms
 .text.TimingDelay_Decrement
                0x08001b20       0x24 ..\obj\hw_config.o
                0x08001b20                TimingDelay_Decrement
 .text.SysTick_Handler
                0x08001b44        0xc ..\obj\hw_config.o
                0x08001b44                SysTick_Handler
 .text.delay_init
                0x08001b50       0x28 ..\obj\hw_config.o
                0x08001b50                delay_init
 .text.USB_Cable_Config
                0x08001b78       0x14 ..\obj\hw_config.o
                0x08001b78                USB_Cable_Config
 .text.Set_USBClock
                0x08001b8c       0x18 ..\obj\hw_config.o
                0x08001b8c                Set_USBClock
 .text.USB_Interrupts_Config
                0x08001ba4       0x2c ..\obj\hw_config.o
                0x08001ba4                USB_Interrupts_Config
 .text.Handle_USBAsynchXfer
                0x08001bd0       0xe0 ..\obj\hw_config.o
                0x08001bd0                Handle_USBAsynchXfer
 .text.USB_Send_Data
                0x08001cb0       0x40 ..\obj\hw_config.o
                0x08001cb0                USB_Send_Data
 .text.USB_Send_Str
                0x08001cf0       0x28 ..\obj\hw_config.o
                0x08001cf0                USB_Send_Str
 .text.Get_SerialNum
                0x08001d18       0x54 ..\obj\hw_config.o
                0x08001d18                Get_SerialNum
 .text.IntToUnicode
                0x08001d6c       0x78 ..\obj\hw_config.o
 .text.USB_Input_CallBack_Init
                0x08001de4       0x1c ..\obj\hw_config.o
                0x08001de4                USB_Input_CallBack_Init
 .text.USB_Input_CallBack
                0x08001e00       0x2c ..\obj\hw_config.o
                0x08001e00                USB_Input_CallBack
 .text.Virtual_Com_Port_init
                0x08001e2c       0x28 ..\obj\usb_prop.o
                0x08001e2c                Virtual_Com_Port_init
 .text.Virtual_Com_Port_Reset
                0x08001e54       0xf0 ..\obj\usb_prop.o
                0x08001e54                Virtual_Com_Port_Reset
 .text.Virtual_Com_Port_SetConfiguration
                0x08001f44       0x2c ..\obj\usb_prop.o
                0x08001f44                Virtual_Com_Port_SetConfiguration
 .text.Virtual_Com_Port_SetDeviceAddress
                0x08001f70       0x18 ..\obj\usb_prop.o
                0x08001f70                Virtual_Com_Port_SetDeviceAddress
 .text.Virtual_Com_Port_Status_In
                0x08001f88       0x20 ..\obj\usb_prop.o
                0x08001f88                Virtual_Com_Port_Status_In
 .text.Virtual_Com_Port_Status_Out
                0x08001fa8        0xc ..\obj\usb_prop.o
                0x08001fa8                Virtual_Com_Port_Status_Out
 .text.Virtual_Com_Port_Data_Setup
                0x08001fb4       0x80 ..\obj\usb_prop.o
                0x08001fb4                Virtual_Com_Port_Data_Setup
 .text.Virtual_Com_Port_NoData_Setup
                0x08002034       0x40 ..\obj\usb_prop.o
                0x08002034                Virtual_Com_Port_NoData_Setup
 .text.Virtual_Com_Port_GetDeviceDescriptor
                0x08002074       0x24 ..\obj\usb_prop.o
                0x08002074                Virtual_Com_Port_GetDeviceDescriptor
 .text.Virtual_Com_Port_GetConfigDescriptor
                0x08002098       0x24 ..\obj\usb_prop.o
                0x08002098                Virtual_Com_Port_GetConfigDescriptor
 .text.Virtual_Com_Port_GetStringDescriptor
                0x080020bc       0x40 ..\obj\usb_prop.o
                0x080020bc                Virtual_Com_Port_GetStringDescriptor
 .text.Virtual_Com_Port_Get_Interface_Setting
                0x080020fc       0x30 ..\obj\usb_prop.o
                0x080020fc                Virtual_Com_Port_Get_Interface_Setting
 .text.Virtual_Com_Port_GetLineCoding
                0x0800212c       0x34 ..\obj\usb_prop.o
                0x0800212c                Virtual_Com_Port_GetLineCoding
 .text.Virtual_Com_Port_SetLineCoding
                0x08002160       0x34 ..\obj\usb_prop.o
                0x08002160                Virtual_Com_Port_SetLineCoding
 .text.PowerOn  0x08002194       0x50 ..\obj\usb_pwr.o
                0x08002194                PowerOn
 .text.USB_Init
                0x080021e4       0x40 ..\obj\usb_init.o
                0x080021e4                USB_Init
 .text.USB_Input_Handler
                0x08002224       0x54 ..\obj\main.o
                0x08002224                USB_Input_Handler
 .text.USB_LP_CAN1_RX0_IRQHandler
                0x08002278        0xc ..\obj\main.o
                0x08002278                USB_LP_CAN1_RX0_IRQHandler
 .text.main     0x08002284       0x34 ..\obj\main.o
                0x08002284                main
 .text.RCC_USBCLKConfig
                0x080022b8       0x1c ..\obj\stm32f10x_rcc.o
                0x080022b8                RCC_USBCLKConfig
 .text.RCC_APB1PeriphClockCmd
                0x080022d4       0x3c ..\obj\stm32f10x_rcc.o
                0x080022d4                RCC_APB1PeriphClockCmd
 .text.USB_SIL_Init
                0x08002310       0x34 ..\obj\usb_sil.o
                0x08002310                USB_SIL_Init
 .text.USB_SIL_Read
                0x08002344       0x4c ..\obj\usb_sil.o
                0x08002344                USB_SIL_Read
 .text._sbrk    0x08002390       0x40 ..\obj\syscalls.o
                0x08002390                _sbrk
 .text.EP1_IN_Callback
                0x080023d0        0xc ..\obj\usb_endp.o
                0x080023d0                EP1_IN_Callback
 .text.EP3_OUT_Callback
                0x080023dc       0x2c ..\obj\usb_endp.o
                0x080023dc                EP3_OUT_Callback
 .text.SOF_Callback
                0x08002408       0x30 ..\obj\usb_endp.o
                0x08002408                SOF_Callback
 .text.NVIC_PriorityGroupConfig
                0x08002438       0x24 ..\obj\misc.o
                0x08002438                NVIC_PriorityGroupConfig
 .text.NVIC_Init
                0x0800245c       0xc0 ..\obj\misc.o
                0x0800245c                NVIC_Init
 .text.UserToPMABufferCopy
                0x0800251c       0x74 ..\obj\usb_mem.o
                0x0800251c                UserToPMABufferCopy
 .text.PMAToUserBufferCopy
                0x08002590       0x5c ..\obj\usb_mem.o
                0x08002590                PMAToUserBufferCopy
 .text.USB_Istr
                0x080025ec       0x8c ..\obj\usb_istr.o
                0x080025ec                USB_Istr
 .text.__fpclassifyd
                0x08002678       0x50 c:/program files (x86)/gnu tools arm embedded/4.8 2014q3/bin/../lib/gcc/arm-none-eabi/4.8.4/../../../../arm-none-eabi/lib/armv7-m\libm.a(lib_a-s_fpclassify.o)
                0x08002678                __fpclassifyd
 .text          0x080026c8      0x370 c:/program files (x86)/gnu tools arm embedded/4.8 2014q3/bin/../lib/gcc/arm-none-eabi/4.8.4/armv7-m\libgcc.a(_arm_addsubdf3.o)
                0x080026c8                __aeabi_drsub
                0x080026d0                __aeabi_dsub
                0x080026d0                __subdf3
                0x080026d4                __aeabi_dadd
                0x080026d4                __adddf3
                0x0800294c                __floatunsidf
                0x0800294c                __aeabi_ui2d
                0x0800296c                __floatsidf
                0x0800296c                __aeabi_i2d
                0x08002990                __aeabi_f2d
                0x08002990                __extendsfdf2
                0x080029cc                __floatundidf
                0x080029cc                __aeabi_ul2d
                0x080029dc                __floatdidf
                0x080029dc                __aeabi_l2d
 .text          0x08002a38      0x424 c:/program files (x86)/gnu tools arm embedded/4.8 2014q3/bin/../lib/gcc/arm-none-eabi/4.8.4/armv7-m\libgcc.a(_arm_muldivdf3.o)
                0x08002a38                __aeabi_dmul
                0x08002a38                __muldf3
                0x08002c8c                __divdf3
                0x08002c8c                __aeabi_ddiv
 .text          0x08002e5c      0x110 c:/program files (x86)/gnu tools arm embedded/4.8 2014q3/bin/../lib/gcc/arm-none-eabi/4.8.4/armv7-m\libgcc.a(_arm_cmpdf2.o)
                0x08002e5c                __gtdf2
                0x08002e5c                __gedf2
                0x08002e64                __ltdf2
                0x08002e64                __ledf2
                0x08002e6c                __nedf2
                0x08002e6c                __eqdf2
                0x08002e6c                __cmpdf2
                0x08002ee8                __aeabi_cdrcmple
                0x08002ef8                __aeabi_cdcmpeq
                0x08002ef8                __aeabi_cdcmple
                0x08002f08                __aeabi_dcmpeq
                0x08002f1c                __aeabi_dcmplt
                0x08002f30                __aeabi_dcmple
                0x08002f44                __aeabi_dcmpge
                0x08002f58                __aeabi_dcmpgt
 .text          0x08002f6c       0x50 c:/program files (x86)/gnu tools arm embedded/4.8 2014q3/bin/../lib/gcc/arm-none-eabi/4.8.4/armv7-m\libgcc.a(_arm_fixdfsi.o)
                0x08002f6c                __aeabi_d2iz
                0x08002f6c                __fixdfsi
 .text._malloc_r
                0x08002fbc      0x538 c:/program files (x86)/gnu tools arm embedded/4.8 2014q3/bin/../lib/gcc/arm-none-eabi/4.8.4/../../../../arm-none-eabi/lib/armv7-m\libg.a(lib_a-mallocr.o)
                0x08002fbc                _malloc_r
 .text.memset   0x080034f4       0x94 c:/program files (x86)/gnu tools arm embedded/4.8 2014q3/bin/../lib/gcc/arm-none-eabi/4.8.4/../../../../arm-none-eabi/lib/armv7-m\libg.a(lib_a-memset.o)
                0x080034f4                memset
 .text.__malloc_lock
                0x08003588        0x4 c:/program files (x86)/gnu tools arm embedded/4.8 2014q3/bin/../lib/gcc/arm-none-eabi/4.8.4/../../../../arm-none-eabi/lib/armv7-m\libg.a(lib_a-mlock.o)
                0x08003588                __malloc_lock
 .text.__malloc_unlock
                0x0800358c        0x4 c:/program files (x86)/gnu tools arm embedded/4.8 2014q3/bin/../lib/gcc/arm-none-eabi/4.8.4/../../../../arm-none-eabi/lib/armv7-m\libg.a(lib_a-mlock.o)
                0x0800358c                __malloc_unlock
 .text._sbrk_r  0x08003590       0x24 c:/program files (x86)/gnu tools arm embedded/4.8 2014q3/bin/../lib/gcc/arm-none-eabi/4.8.4/../../../../arm-none-eabi/lib/armv7-m\libg.a(lib_a-sbrkr.o)
                0x08003590                _sbrk_r
 .text.sprintf  0x080035b4       0x4c c:/program files (x86)/gnu tools arm embedded/4.8 2014q3/bin/../lib/gcc/arm-none-eabi/4.8.4/../../../../arm-none-eabi/lib/armv7-m\libg.a(lib_a-sprintf.o)
                0x080035b4                sprintf
 .text.strlen   0x08003600       0x60 c:/program files (x86)/gnu tools arm embedded/4.8 2014q3/bin/../lib/gcc/arm-none-eabi/4.8.4/../../../../arm-none-eabi/lib/armv7-m\libg.a(lib_a-strlen.o)
                0x08003600                strlen
 .text._svfprintf_r
                0x08003660     0x14e0 c:/program files (x86)/gnu tools arm embedded/4.8 2014q3/bin/../lib/gcc/arm-none-eabi/4.8.4/../../../../arm-none-eabi/lib/armv7-m\libg.a(lib_a-svfprintf.o)
                0x08003660                _svfprintf_r
 .text.quorem   0x08004b40      0x134 c:/program files (x86)/gnu tools arm embedded/4.8 2014q3/bin/../lib/gcc/arm-none-eabi/4.8.4/../../../../arm-none-eabi/lib/armv7-m\libg.a(lib_a-dtoa.o)
 *fill*         0x08004c74        0x4 
 .text._dtoa_r  0x08004c78      0xe38 c:/program files (x86)/gnu tools arm embedded/4.8 2014q3/bin/../lib/gcc/arm-none-eabi/4.8.4/../../../../arm-none-eabi/lib/armv7-m\libg.a(lib_a-dtoa.o)
                0x08004c78                _dtoa_r
 .text._malloc_trim_r
                0x08005ab0       0x9c c:/program files (x86)/gnu tools arm embedded/4.8 2014q3/bin/../lib/gcc/arm-none-eabi/4.8.4/../../../../arm-none-eabi/lib/armv7-m\libg.a(lib_a-freer.o)
                0x08005ab0                _malloc_trim_r
 .text._free_r  0x08005b4c      0x198 c:/program files (x86)/gnu tools arm embedded/4.8 2014q3/bin/../lib/gcc/arm-none-eabi/4.8.4/../../../../arm-none-eabi/lib/armv7-m\libg.a(lib_a-freer.o)
                0x08005b4c                _free_r
 .text._localeconv_r
                0x08005ce4        0x8 c:/program files (x86)/gnu tools arm embedded/4.8 2014q3/bin/../lib/gcc/arm-none-eabi/4.8.4/../../../../arm-none-eabi/lib/armv7-m\libg.a(lib_a-locale.o)
                0x08005ce4                _localeconv_r
 .text.memchr   0x08005cec       0x94 c:/program files (x86)/gnu tools arm embedded/4.8 2014q3/bin/../lib/gcc/arm-none-eabi/4.8.4/../../../../arm-none-eabi/lib/armv7-m\libg.a(lib_a-memchr-stub.o)
                0x08005cec                memchr
 .text          0x08005d80       0xec c:/program files (x86)/gnu tools arm embedded/4.8 2014q3/bin/../lib/gcc/arm-none-eabi/4.8.4/../../../../arm-none-eabi/lib/armv7-m\libg.a(lib_a-memcpy.o)
                0x08005d80                memcpy
 .text._Balloc  0x08005e6c       0x4c c:/program files (x86)/gnu tools arm embedded/4.8 2014q3/bin/../lib/gcc/arm-none-eabi/4.8.4/../../../../arm-none-eabi/lib/armv7-m\libg.a(lib_a-mprec.o)
                0x08005e6c                _Balloc
 .text._Bfree   0x08005eb8       0x14 c:/program files (x86)/gnu tools arm embedded/4.8 2014q3/bin/../lib/gcc/arm-none-eabi/4.8.4/../../../../arm-none-eabi/lib/armv7-m\libg.a(lib_a-mprec.o)
                0x08005eb8                _Bfree
 .text.__multadd
                0x08005ecc       0x94 c:/program files (x86)/gnu tools arm embedded/4.8 2014q3/bin/../lib/gcc/arm-none-eabi/4.8.4/../../../../arm-none-eabi/lib/armv7-m\libg.a(lib_a-mprec.o)
                0x08005ecc                __multadd
 .text.__hi0bits
                0x08005f60       0x40 c:/program files (x86)/gnu tools arm embedded/4.8 2014q3/bin/../lib/gcc/arm-none-eabi/4.8.4/../../../../arm-none-eabi/lib/armv7-m\libg.a(lib_a-mprec.o)
                0x08005f60                __hi0bits
 .text.__lo0bits
                0x08005fa0       0x5c c:/program files (x86)/gnu tools arm embedded/4.8 2014q3/bin/../lib/gcc/arm-none-eabi/4.8.4/../../../../arm-none-eabi/lib/armv7-m\libg.a(lib_a-mprec.o)
                0x08005fa0                __lo0bits
 .text.__i2b    0x08005ffc       0x14 c:/program files (x86)/gnu tools arm embedded/4.8 2014q3/bin/../lib/gcc/arm-none-eabi/4.8.4/../../../../arm-none-eabi/lib/armv7-m\libg.a(lib_a-mprec.o)
                0x08005ffc                __i2b
 .text.__multiply
                0x08006010      0x13c c:/program files (x86)/gnu tools arm embedded/4.8 2014q3/bin/../lib/gcc/arm-none-eabi/4.8.4/../../../../arm-none-eabi/lib/armv7-m\libg.a(lib_a-mprec.o)
                0x08006010                __multiply
 .text.__pow5mult
                0x0800614c       0x9c c:/program files (x86)/gnu tools arm embedded/4.8 2014q3/bin/../lib/gcc/arm-none-eabi/4.8.4/../../../../arm-none-eabi/lib/armv7-m\libg.a(lib_a-mprec.o)
                0x0800614c                __pow5mult
 .text.__lshift
                0x080061e8       0xbc c:/program files (x86)/gnu tools arm embedded/4.8 2014q3/bin/../lib/gcc/arm-none-eabi/4.8.4/../../../../arm-none-eabi/lib/armv7-m\libg.a(lib_a-mprec.o)
                0x080061e8                __lshift
 .text.__mcmp   0x080062a4       0x48 c:/program files (x86)/gnu tools arm embedded/4.8 2014q3/bin/../lib/gcc/arm-none-eabi/4.8.4/../../../../arm-none-eabi/lib/armv7-m\libg.a(lib_a-mprec.o)
                0x080062a4                __mcmp
 .text.__mdiff  0x080062ec       0xd8 c:/program files (x86)/gnu tools arm embedded/4.8 2014q3/bin/../lib/gcc/arm-none-eabi/4.8.4/../../../../arm-none-eabi/lib/armv7-m\libg.a(lib_a-mprec.o)
                0x080062ec                __mdiff
 .text.__d2b    0x080063c4       0xbc c:/program files (x86)/gnu tools arm embedded/4.8 2014q3/bin/../lib/gcc/arm-none-eabi/4.8.4/../../../../arm-none-eabi/lib/armv7-m\libg.a(lib_a-mprec.o)
                0x080063c4                __d2b
 .text.__ssprint_r
                0x08006480      0x100 c:/program files (x86)/gnu tools arm embedded/4.8 2014q3/bin/../lib/gcc/arm-none-eabi/4.8.4/../../../../arm-none-eabi/lib/armv7-m\libg.a(lib_a-svfiprintf.o)
                0x08006480                __ssprint_r
 .text._calloc_r
                0x08006580       0x60 c:/program files (x86)/gnu tools arm embedded/4.8 2014q3/bin/../lib/gcc/arm-none-eabi/4.8.4/../../../../arm-none-eabi/lib/armv7-m\libg.a(lib_a-callocr.o)
                0x08006580                _calloc_r
 .text.memmove  0x080065e0       0xcc c:/program files (x86)/gnu tools arm embedded/4.8 2014q3/bin/../lib/gcc/arm-none-eabi/4.8.4/../../../../arm-none-eabi/lib/armv7-m\libg.a(lib_a-memmove.o)
                0x080065e0                memmove
 .text._realloc_r
                0x080066ac      0x3c0 c:/program files (x86)/gnu tools arm embedded/4.8 2014q3/bin/../lib/gcc/arm-none-eabi/4.8.4/../../../../arm-none-eabi/lib/armv7-m\libg.a(lib_a-reallocr.o)
                0x080066ac                _realloc_r
 .text          0x08006a6c       0x2c c:/program files (x86)/gnu tools arm embedded/4.8 2014q3/bin/../lib/gcc/arm-none-eabi/4.8.4/armv7-m\libgcc.a(_aeabi_uldivmod.o)
                0x08006a6c                __aeabi_uldivmod
 .text          0x08006a98       0x60 c:/program files (x86)/gnu tools arm embedded/4.8 2014q3/bin/../lib/gcc/arm-none-eabi/4.8.4/armv7-m\libgcc.a(bpabi.o)
                0x08006a98                __gnu_ldivmod_helper
                0x08006ac8                __gnu_uldivmod_helper
 .text          0x08006af8        0x4 c:/program files (x86)/gnu tools arm embedded/4.8 2014q3/bin/../lib/gcc/arm-none-eabi/4.8.4/armv7-m\libgcc.a(_dvmd_tls.o)
                0x08006af8                __aeabi_idiv0
                0x08006af8                __aeabi_ldiv0
 .text          0x08006afc      0x2a0 c:/program files (x86)/gnu tools arm embedded/4.8 2014q3/bin/../lib/gcc/arm-none-eabi/4.8.4/armv7-m\libgcc.a(_divdi3.o)
                0x08006afc                __divdi3
 .text          0x08006d9c      0x290 c:/program files (x86)/gnu tools arm embedded/4.8 2014q3/bin/../lib/gcc/arm-none-eabi/4.8.4/armv7-m\libgcc.a(_udivdi3.o)
                0x08006d9c                __udivdi3
 *(.init)
 *(.fini)
 *crtbegin.o(.ctors)
 *crtbegin?.o(.ctors)
 *(EXCLUDE_FILE(*crtend.o *crtend?.o) .ctors)
 *(SORT(.ctors.*))
 *(.ctors)
 *crtbegin.o(.dtors)
 *crtbegin?.o(.dtors)
 *(EXCLUDE_FILE(*crtend.o *crtend?.o) .dtors)
 *(SORT(.dtors.*))
 *(.dtors)
 *(.rodata*)
 .rodata        0x0800702c       0xb8 ..\obj\usb_desc.o
                0x0800702c                Virtual_Com_Port_DeviceDescriptor
                0x08007040                Virtual_Com_Port_ConfigDescriptor
                0x08007084                Virtual_Com_Port_StringLangID
                0x08007088                Virtual_Com_Port_StringVendor
                0x080070b0                Virtual_Com_Port_StringProduct
 .rodata        0x080070e4       0x48 ..\obj\main.o
                0x080070e4                version_str
 .rodata.str1.4
                0x0800712c        0x2 c:/program files (x86)/gnu tools arm embedded/4.8 2014q3/bin/../lib/gcc/arm-none-eabi/4.8.4/../../../../arm-none-eabi/lib/armv7-m\libg.a(lib_a-impure.o)
                                  0x4 (size before relaxing)
 *fill*         0x0800712e        0x2 
 .rodata.zeroes.6763
                0x08007130       0x10 c:/program files (x86)/gnu tools arm embedded/4.8 2014q3/bin/../lib/gcc/arm-none-eabi/4.8.4/../../../../arm-none-eabi/lib/armv7-m\libg.a(lib_a-svfprintf.o)
 .rodata.str1.4
                0x08007140       0x42 c:/program files (x86)/gnu tools arm embedded/4.8 2014q3/bin/../lib/gcc/arm-none-eabi/4.8.4/../../../../arm-none-eabi/lib/armv7-m\libg.a(lib_a-svfprintf.o)
                                 0x44 (size before relaxing)
 *fill*         0x08007182        0x2 
 .rodata.blanks.6762
                0x08007184       0x10 c:/program files (x86)/gnu tools arm embedded/4.8 2014q3/bin/../lib/gcc/arm-none-eabi/4.8.4/../../../../arm-none-eabi/lib/armv7-m\libg.a(lib_a-svfprintf.o)
 .rodata.str1.4
                0x08007194       0x10 c:/program files (x86)/gnu tools arm embedded/4.8 2014q3/bin/../lib/gcc/arm-none-eabi/4.8.4/../../../../arm-none-eabi/lib/armv7-m\libg.a(lib_a-dtoa.o)
                                 0x14 (size before relaxing)
 .rodata.str1.4
                0x080071a4        0xc c:/program files (x86)/gnu tools arm embedded/4.8 2014q3/bin/../lib/gcc/arm-none-eabi/4.8.4/../../../../arm-none-eabi/lib/armv7-m\libg.a(lib_a-locale.o)
                                 0x14 (size before relaxing)
 .rodata.__mprec_tens
                0x080071b0       0xc8 c:/program files (x86)/gnu tools arm embedded/4.8 2014q3/bin/../lib/gcc/arm-none-eabi/4.8.4/../../../../arm-none-eabi/lib/armv7-m\libg.a(lib_a-mprec.o)
                0x080071b0                __mprec_tens
 .rodata.__mprec_bigtens
                0x08007278       0x28 c:/program files (x86)/gnu tools arm embedded/4.8 2014q3/bin/../lib/gcc/arm-none-eabi/4.8.4/../../../../arm-none-eabi/lib/armv7-m\libg.a(lib_a-mprec.o)
                0x08007278                __mprec_bigtens
 .rodata.p05.5269
                0x080072a0        0xc c:/program files (x86)/gnu tools arm embedded/4.8 2014q3/bin/../lib/gcc/arm-none-eabi/4.8.4/../../../../arm-none-eabi/lib/armv7-m\libg.a(lib_a-mprec.o)
 *(.eh_fram e*)

.glue_7         0x080072ac        0x0
 .glue_7        0x00000000        0x0 linker stubs

.glue_7t        0x080072ac        0x0
 .glue_7t       0x00000000        0x0 linker stubs

.vfp11_veneer   0x080072ac        0x0
 .vfp11_veneer  0x00000000        0x0 linker stubs

.v4_bx          0x080072ac        0x0
 .v4_bx         0x00000000        0x0 linker stubs

.iplt           0x080072ac        0x0
 .iplt          0x00000000        0x0 ..\obj\usb_core.o

.ARM.extab
 *(.ARM.extab* .gnu.linkonce.armextab.*)
                0x080072ac                __exidx_start = .

.ARM.exidx      0x080072ac        0x8
 *(.ARM.exidx* .gnu.linkonce.armexidx.*)
 .ARM.exidx     0x080072ac        0x8 c:/program files (x86)/gnu tools arm embedded/4.8 2014q3/bin/../lib/gcc/arm-none-eabi/4.8.4/armv7-m\libgcc.a(_divdi3.o)
 .ARM.exidx     0x080072b4        0x0 c:/program files (x86)/gnu tools arm embedded/4.8 2014q3/bin/../lib/gcc/arm-none-eabi/4.8.4/armv7-m\libgcc.a(_udivdi3.o)
                                  0x8 (size before relaxing)
                0x080072b4                __exidx_end = .
                0x080072b4                __etext = .
                0x080072b4                _sidata = __etext

.rel.dyn        0x080072b4        0x0
 .rel.iplt      0x00000000        0x0 ..\obj\usb_core.o

.data           0x20000000      0x96c load address 0x080072b4
                0x20000000                __data_start__ = .
                0x20000000                _sdata = __data_start__
 *(vtable)
 *(.data*)
 .data          0x20000000       0x14 ..\obj\system_stm32f10x.o
                0x20000000                SystemCoreClock
                0x20000004                AHBPrescTable
 .data          0x20000014       0x1c ..\obj\usb_desc.o
                0x20000014                Virtual_Com_Port_StringSerial
 .data          0x20000030       0x90 ..\obj\usb_prop.o
                0x20000030                linecoding
                0x20000038                Device_Table
                0x2000003c                Device_Property
                0x2000006c                User_Standard_Requests
                0x20000090                Device_Descriptor
                0x20000098                Config_Descriptor
                0x200000a0                String_Descriptor
 .data          0x200000c0       0x38 ..\obj\usb_istr.o
                0x200000c0                pEpInt_IN
                0x200000dc                pEpInt_OUT
 .data.impure_data
                0x200000f8      0x428 c:/program files (x86)/gnu tools arm embedded/4.8 2014q3/bin/../lib/gcc/arm-none-eabi/4.8.4/../../../../arm-none-eabi/lib/armv7-m\libg.a(lib_a-impure.o)
 .data._impure_ptr
                0x20000520        0x4 c:/program files (x86)/gnu tools arm embedded/4.8 2014q3/bin/../lib/gcc/arm-none-eabi/4.8.4/../../../../arm-none-eabi/lib/armv7-m\libg.a(lib_a-impure.o)
                0x20000520                _impure_ptr
 .data.__malloc_av_
                0x20000524      0x408 c:/program files (x86)/gnu tools arm embedded/4.8 2014q3/bin/../lib/gcc/arm-none-eabi/4.8.4/../../../../arm-none-eabi/lib/armv7-m\libg.a(lib_a-mallocr.o)
                0x20000524                __malloc_av_
 .data.__malloc_trim_threshold
                0x2000092c        0x4 c:/program files (x86)/gnu tools arm embedded/4.8 2014q3/bin/../lib/gcc/arm-none-eabi/4.8.4/../../../../arm-none-eabi/lib/armv7-m\libg.a(lib_a-mallocr.o)
                0x2000092c                __malloc_trim_threshold
 .data.__malloc_sbrk_base
                0x20000930        0x4 c:/program files (x86)/gnu tools arm embedded/4.8 2014q3/bin/../lib/gcc/arm-none-eabi/4.8.4/../../../../arm-none-eabi/lib/armv7-m\libg.a(lib_a-mallocr.o)
                0x20000930                __malloc_sbrk_base
 .data.lconv    0x20000934       0x38 c:/program files (x86)/gnu tools arm embedded/4.8 2014q3/bin/../lib/gcc/arm-none-eabi/4.8.4/../../../../arm-none-eabi/lib/armv7-m\libg.a(lib_a-locale.o)
                0x2000096c                . = ALIGN (0x4)
                0x2000096c                PROVIDE (__preinit_array_start, .)
 *(.preinit_array)
                0x2000096c                PROVIDE (__preinit_array_end, .)
                0x2000096c                . = ALIGN (0x4)
                0x2000096c                PROVIDE (__init_array_start, .)
 *(SORT(.init_array.*))
 *(.init_array)
                0x2000096c                PROVIDE (__init_array_end, .)
                0x2000096c                . = ALIGN (0x4)
                0x2000096c                PROVIDE (__fini_array_start, .)
 *(SORT(.fini_array.*))
 *(.fini_array)
                0x2000096c                PROVIDE (__fini_array_end, .)
 *(.jcr*)
                0x2000096c                . = ALIGN (0x4)
                0x2000096c                __data_end__ = .
                0x2000096c                _edata = __data_end__

.igot.plt       0x2000096c        0x0 load address 0x08007c20
 .igot.plt      0x00000000        0x0 ..\obj\usb_core.o

.bss            0x2000096c      0x8ec load address 0x08007c20
                0x2000096c                . = ALIGN (0x4)
                0x2000096c                __bss_start__ = .
                0x2000096c                _sbss = __bss_start__
 *(.bss*)
 .bss           0x2000096c        0x1 ..\obj\usb_core.o
                0x2000096c                Data_Mul_MaxPacketSize
 *fill*         0x2000096d        0x3 
 .bss           0x20000970       0x18 ..\obj\hw_config.o
                0x20000970                Output_Buffer_ptr_in
                0x20000974                Output_Buffer_ptr_out
                0x20000978                Output_Buffer_length
                0x2000097c                USB_Tx_State
 .bss           0x20000988        0x1 ..\obj\usb_prop.o
                0x20000988                Request
 *fill*         0x20000989        0x3 
 .bss           0x2000098c        0x4 ..\obj\usb_pwr.o
                0x2000098c                bDeviceState
 .bss           0x20000990        0x4 ..\obj\syscalls.o
 .bss           0x20000994        0x4 ..\obj\usb_endp.o
 .bss           0x20000998        0x1 ..\obj\usb_istr.o
                0x20000998                bIntPackSOF
 *fill*         0x20000999        0x3 
 .bss.__malloc_max_total_mem
                0x2000099c        0x4 c:/program files (x86)/gnu tools arm embedded/4.8 2014q3/bin/../lib/gcc/arm-none-eabi/4.8.4/../../../../arm-none-eabi/lib/armv7-m\libg.a(lib_a-mallocr.o)
                0x2000099c                __malloc_max_total_mem
 .bss.__malloc_max_sbrked_mem
                0x200009a0        0x4 c:/program files (x86)/gnu tools arm embedded/4.8 2014q3/bin/../lib/gcc/arm-none-eabi/4.8.4/../../../../arm-none-eabi/lib/armv7-m\libg.a(lib_a-mallocr.o)
                0x200009a0                __malloc_max_sbrked_mem
 .bss.__malloc_top_pad
                0x200009a4        0x4 c:/program files (x86)/gnu tools arm embedded/4.8 2014q3/bin/../lib/gcc/arm-none-eabi/4.8.4/../../../../arm-none-eabi/lib/armv7-m\libg.a(lib_a-mallocr.o)
                0x200009a4                __malloc_top_pad
 .bss.__malloc_current_mallinfo
                0x200009a8       0x28 c:/program files (x86)/gnu tools arm embedded/4.8 2014q3/bin/../lib/gcc/arm-none-eabi/4.8.4/../../../../arm-none-eabi/lib/armv7-m\libg.a(lib_a-mallocr.o)
                0x200009a8                __malloc_current_mallinfo
 *(COMMON)
 COMMON         0x200009d0        0x2 ..\obj\usb_core.o
                0x200009d0                StatusInfo
 COMMON         0x200009d2        0x4 ..\obj\usb_int.o
                0x200009d2                SaveRState
                0x200009d4                SaveTState
 *fill*         0x200009d6        0x2 
 COMMON         0x200009d8      0x804 ..\obj\hw_config.o
                0x200009d8                HSEStartUpStatus
                0x200009dc                Output_Buffer
 COMMON         0x200011dc       0x32 ..\obj\usb_init.o
                0x200011dc                SaveState
                0x200011e0                pProperty
                0x200011e4                EPindex
                0x200011e8                Device_Info
                0x20001204                pUser_Standard_Requests
                0x20001208                pInformation
                0x2000120c                wInterrupt_Mask
 *fill*         0x2000120e        0x2 
 COMMON         0x20001210       0x40 ..\obj\usb_endp.o
                0x20001210                USB_Rx_Buffer
 COMMON         0x20001250        0x2 ..\obj\usb_istr.o
                0x20001250                wIstr
 *fill*         0x20001252        0x2 
 COMMON         0x20001254        0x4 c:/program files (x86)/gnu tools arm embedded/4.8 2014q3/bin/../lib/gcc/arm-none-eabi/4.8.4/../../../../arm-none-eabi/lib/armv7-m\libg.a(lib_a-reent.o)
                0x20001254                errno
                0x20001258                . = ALIGN (0x4)
                0x20001258                __bss_end__ = .
                0x20001258                _ebss = __bss_end__

.heap           0x20001258        0x0
                0x20001258                __end__ = .
                0x20001258                _end = __end__
                0x20001258                end = __end__
 *(.heap*)
                0x20001258                __HeapLimit = .

.co_stack       0x20001258      0x400 load address 0x0800850c
                0x20001258                . = ALIGN (0x8)
 *(.co_stack .co_stack.*)
 .co_stack      0x20001258      0x400 ..\obj\startup_stm32f10x_md.o
                0x20001258                pulStack
                0x20005000                __StackTop = (ORIGIN (ram) + 0x5000)
                0x20004c00                __StackLimit = (__StackTop - SIZEOF (.co_stack))
                0x20005000                PROVIDE (__stack, __StackTop)
                0x00000001                ASSERT ((__StackLimit >= __HeapLimit), region ram  overflowed with stack)
LOAD ..\obj\otgd_fs_pcd.o
LOAD ..\obj\usb_core.o
LOAD ..\obj\stm32f10x_tim.o
LOAD ..\obj\usb_int.o
LOAD ..\obj\system_stm32f10x.o
LOAD ..\obj\usb_desc.o
LOAD ..\obj\usb_regs.o
LOAD ..\obj\DefaultFonts.o
LOAD ..\obj\startup_stm32f10x_md.o
LOAD ..\obj\hw_config.o
LOAD ..\obj\stm32f10x_gpio.o
LOAD ..\obj\usb_prop.o
LOAD ..\obj\ST7735.o
LOAD ..\obj\usb_pwr.o
LOAD ..\obj\usb_init.o
LOAD ..\obj\main.o
LOAD ..\obj\otgd_fs_dev.o
LOAD ..\obj\stm32f10x_rcc.o
LOAD ..\obj\I2C.o
LOAD ..\obj\otgd_fs_int.o
LOAD ..\obj\usb_sil.o
LOAD ..\obj\BMP180.o
LOAD ..\obj\syscalls.o
LOAD ..\obj\otgd_fs_cal.o
LOAD ..\obj\usb_endp.o
LOAD ..\obj\misc.o
LOAD ..\obj\stm32f10x_spi.o
LOAD ..\obj\stm32f10x_i2c.o
LOAD ..\obj\usb_mem.o
LOAD ..\obj\usb_istr.o
LOAD c:/program files (x86)/gnu tools arm embedded/4.8 2014q3/bin/../lib/gcc/arm-none-eabi/4.8.4/../../../../arm-none-eabi/lib/armv7-m\libm.a
START GROUP
LOAD c:/program files (x86)/gnu tools arm embedded/4.8 2014q3/bin/../lib/gcc/arm-none-eabi/4.8.4/armv7-m\libgcc.a
LOAD c:/program files (x86)/gnu tools arm embedded/4.8 2014q3/bin/../lib/gcc/arm-none-eabi/4.8.4/../../../../arm-none-eabi/lib/armv7-m\libg.a
LOAD c:/program files (x86)/gnu tools arm embedded/4.8 2014q3/bin/../lib/gcc/arm-none-eabi/4.8.4/../../../../arm-none-eabi/lib/armv7-m\libc.a
END GROUP
OUTPUT(Altimeter_5.elf elf32-littlearm)

.debug_info     0x00000000     0x59a7
 .debug_info    0x00000000      0xb5d ..\obj\usb_core.o
 .debug_info    0x00000b5d      0x1f3 ..\obj\usb_int.o
 .debug_info    0x00000d50      0x479 ..\obj\system_stm32f10x.o
 .debug_info    0x000011c9      0x183 ..\obj\usb_desc.o
 .debug_info    0x0000134c      0xca5 ..\obj\usb_regs.o
 .debug_info    0x00001ff1       0xe9 ..\obj\startup_stm32f10x_md.o
 .debug_info    0x000020da      0xe6f ..\obj\hw_config.o
 .debug_info    0x00002f49      0x822 ..\obj\usb_prop.o
 .debug_info    0x0000376b      0x2e1 ..\obj\usb_pwr.o
 .debug_info    0x00003a4c      0x450 ..\obj\usb_init.o
 .debug_info    0x00003e9c      0x1f3 ..\obj\main.o
 .debug_info    0x0000408f      0x88d ..\obj\stm32f10x_rcc.o
 .debug_info    0x0000491c      0x186 ..\obj\usb_sil.o
 .debug_info    0x00004aa2      0x3ee ..\obj\syscalls.o
 .debug_info    0x00004e90      0x196 ..\obj\usb_endp.o
 .debug_info    0x00005026      0x53d ..\obj\misc.o
 .debug_info    0x00005563      0x1d2 ..\obj\usb_mem.o
 .debug_info    0x00005735      0x272 ..\obj\usb_istr.o

.debug_abbrev   0x00000000     0x1671
 .debug_abbrev  0x00000000      0x290 ..\obj\usb_core.o
 .debug_abbrev  0x00000290       0xce ..\obj\usb_int.o
 .debug_abbrev  0x0000035e      0x14c ..\obj\system_stm32f10x.o
 .debug_abbrev  0x000004aa       0x73 ..\obj\usb_desc.o
 .debug_abbrev  0x0000051d      0x16d ..\obj\usb_regs.o
 .debug_abbrev  0x0000068a       0xa7 ..\obj\startup_stm32f10x_md.o
 .debug_abbrev  0x00000731      0x2eb ..\obj\hw_config.o
 .debug_abbrev  0x00000a1c      0x206 ..\obj\usb_prop.o
 .debug_abbrev  0x00000c22      0x12b ..\obj\usb_pwr.o
 .debug_abbrev  0x00000d4d      0x11e ..\obj\usb_init.o
 .debug_abbrev  0x00000e6b       0xfb ..\obj\main.o
 .debug_abbrev  0x00000f66      0x1ba ..\obj\stm32f10x_rcc.o
 .debug_abbrev  0x00001120       0xbb ..\obj\usb_sil.o
 .debug_abbrev  0x000011db       0xe2 ..\obj\syscalls.o
 .debug_abbrev  0x000012bd       0xda ..\obj\usb_endp.o
 .debug_abbrev  0x00001397      0x145 ..\obj\misc.o
 .debug_abbrev  0x000014dc       0x9d ..\obj\usb_mem.o
 .debug_abbrev  0x00001579       0xf8 ..\obj\usb_istr.o

.debug_aranges  0x00000000      0x790
 .debug_aranges
                0x00000000       0xb0 ..\obj\usb_core.o
 .debug_aranges
                0x000000b0       0x28 ..\obj\usb_int.o
 .debug_aranges
                0x000000d8       0x38 ..\obj\system_stm32f10x.o
 .debug_aranges
                0x00000110       0x18 ..\obj\usb_desc.o
 .debug_aranges
                0x00000128      0x1f0 ..\obj\usb_regs.o
 .debug_aranges
                0x00000318       0x28 ..\obj\startup_stm32f10x_md.o
 .debug_aranges
                0x00000340       0xd0 ..\obj\hw_config.o
 .debug_aranges
                0x00000410       0x88 ..\obj\usb_prop.o
 .debug_aranges
                0x00000498       0x40 ..\obj\usb_pwr.o
 .debug_aranges
                0x000004d8       0x20 ..\obj\usb_init.o
 .debug_aranges
                0x000004f8       0x38 ..\obj\main.o
 .debug_aranges
                0x00000530      0x118 ..\obj\stm32f10x_rcc.o
 .debug_aranges
                0x00000648       0x30 ..\obj\usb_sil.o
 .debug_aranges
                0x00000678       0x60 ..\obj\syscalls.o
 .debug_aranges
                0x000006d8       0x30 ..\obj\usb_endp.o
 .debug_aranges
                0x00000708       0x40 ..\obj\misc.o
 .debug_aranges
                0x00000748       0x28 ..\obj\usb_mem.o
 .debug_aranges
                0x00000770       0x20 ..\obj\usb_istr.o

.debug_ranges   0x00000000      0x680
 .debug_ranges  0x00000000       0xb8 ..\obj\usb_core.o
 .debug_ranges  0x000000b8       0x18 ..\obj\usb_int.o
 .debug_ranges  0x000000d0       0x28 ..\obj\system_stm32f10x.o
 .debug_ranges  0x000000f8      0x1e0 ..\obj\usb_regs.o
 .debug_ranges  0x000002d8       0x18 ..\obj\startup_stm32f10x_md.o
 .debug_ranges  0x000002f0       0xc0 ..\obj\hw_config.o
 .debug_ranges  0x000003b0       0x78 ..\obj\usb_prop.o
 .debug_ranges  0x00000428       0x30 ..\obj\usb_pwr.o
 .debug_ranges  0x00000458       0x10 ..\obj\usb_init.o
 .debug_ranges  0x00000468       0x28 ..\obj\main.o
 .debug_ranges  0x00000490      0x108 ..\obj\stm32f10x_rcc.o
 .debug_ranges  0x00000598       0x20 ..\obj\usb_sil.o
 .debug_ranges  0x000005b8       0x50 ..\obj\syscalls.o
 .debug_ranges  0x00000608       0x20 ..\obj\usb_endp.o
 .debug_ranges  0x00000628       0x30 ..\obj\misc.o
 .debug_ranges  0x00000658       0x18 ..\obj\usb_mem.o
 .debug_ranges  0x00000670       0x10 ..\obj\usb_istr.o

.debug_line     0x00000000     0x330b
 .debug_line    0x00000000      0x535 ..\obj\usb_core.o
 .debug_line    0x00000535      0x2dd ..\obj\usb_int.o
 .debug_line    0x00000812      0x212 ..\obj\system_stm32f10x.o
 .debug_line    0x00000a24      0x16a ..\obj\usb_desc.o
 .debug_line    0x00000b8e      0x706 ..\obj\usb_regs.o
 .debug_line    0x00001294       0xa3 ..\obj\startup_stm32f10x_md.o
 .debug_line    0x00001337      0x535 ..\obj\hw_config.o
 .debug_line    0x0000186c      0x387 ..\obj\usb_prop.o
 .debug_line    0x00001bf3      0x2ff ..\obj\usb_pwr.o
 .debug_line    0x00001ef2      0x1f2 ..\obj\usb_init.o
 .debug_line    0x000020e4      0x1ce ..\obj\main.o
 .debug_line    0x000022b2      0x4b9 ..\obj\stm32f10x_rcc.o
 .debug_line    0x0000276b      0x21f ..\obj\usb_sil.o
 .debug_line    0x0000298a      0x176 ..\obj\syscalls.o
 .debug_line    0x00002b00      0x1ef ..\obj\usb_endp.o
 .debug_line    0x00002cef      0x241 ..\obj\misc.o
 .debug_line    0x00002f30      0x1e6 ..\obj\usb_mem.o
 .debug_line    0x00003116      0x1f5 ..\obj\usb_istr.o

.debug_str      0x00000000     0x275f
 .debug_str     0x00000000      0x8fa ..\obj\usb_core.o
                                0xa82 (size before relaxing)
 .debug_str     0x000008fa       0x94 ..\obj\usb_int.o
                                0x215 (size before relaxing)
 .debug_str     0x0000098e      0x17e ..\obj\system_stm32f10x.o
                                0x2f8 (size before relaxing)
 .debug_str     0x00000b0c      0x107 ..\obj\usb_desc.o
                                0x241 (size before relaxing)
 .debug_str     0x00000c13      0x420 ..\obj\usb_regs.o
                                0x59e (size before relaxing)
 .debug_str     0x00001033       0xb1 ..\obj\startup_stm32f10x_md.o
                                0x148 (size before relaxing)
 .debug_str     0x000010e4      0x96e ..\obj\hw_config.o
                                0xcd5 (size before relaxing)
 .debug_str     0x00001a52      0x278 ..\obj\usb_prop.o
                                0x961 (size before relaxing)
 .debug_str     0x00001cca      0x12f ..\obj\usb_pwr.o
                                0x364 (size before relaxing)
 .debug_str     0x00001df9       0x70 ..\obj\usb_init.o
                                0x556 (size before relaxing)
 .debug_str     0x00001e69       0x7e ..\obj\main.o
                                0x24a (size before relaxing)
 .debug_str     0x00001ee7      0x3e0 ..\obj\stm32f10x_rcc.o
                                0x623 (size before relaxing)
 .debug_str     0x000022c7       0xb2 ..\obj\usb_sil.o
                                0x224 (size before relaxing)
 .debug_str     0x00002379      0x161 ..\obj\syscalls.o
                                0x2d2 (size before relaxing)
 .debug_str     0x000024da       0x83 ..\obj\usb_endp.o
                                0x255 (size before relaxing)
 .debug_str     0x0000255d       0xf8 ..\obj\misc.o
                                0x3c7 (size before relaxing)
 .debug_str     0x00002655       0xb4 ..\obj\usb_mem.o
                                0x216 (size before relaxing)
 .debug_str     0x00002709       0x56 ..\obj\usb_istr.o
                                0x308 (size before relaxing)

.comment        0x00000000       0x70
 .comment       0x00000000       0x70 ..\obj\usb_core.o
                                 0x71 (size before relaxing)
 .comment       0x00000000       0x71 ..\obj\usb_int.o
 .comment       0x00000000       0x71 ..\obj\system_stm32f10x.o
 .comment       0x00000000       0x71 ..\obj\usb_desc.o
 .comment       0x00000000       0x71 ..\obj\usb_regs.o
 .comment       0x00000000       0x71 ..\obj\startup_stm32f10x_md.o
 .comment       0x00000000       0x71 ..\obj\hw_config.o
 .comment       0x00000000       0x71 ..\obj\usb_prop.o
 .comment       0x00000000       0x71 ..\obj\usb_pwr.o
 .comment       0x00000000       0x71 ..\obj\usb_init.o
 .comment       0x00000000       0x71 ..\obj\main.o
 .comment       0x00000000       0x71 ..\obj\stm32f10x_rcc.o
 .comment       0x00000000       0x71 ..\obj\usb_sil.o
 .comment       0x00000000       0x71 ..\obj\syscalls.o
 .comment       0x00000000       0x71 ..\obj\usb_endp.o
 .comment       0x00000000       0x71 ..\obj\misc.o
 .comment       0x00000000       0x71 ..\obj\usb_mem.o
 .comment       0x00000000       0x71 ..\obj\usb_istr.o

.ARM.attributes
                0x00000000       0x31
 .ARM.attributes
                0x00000000       0x33 ..\obj\usb_core.o
 .ARM.attributes
                0x00000033       0x33 ..\obj\usb_int.o
 .ARM.attributes
                0x00000066       0x33 ..\obj\system_stm32f10x.o
 .ARM.attributes
                0x00000099       0x33 ..\obj\usb_desc.o
 .ARM.attributes
                0x000000cc       0x33 ..\obj\usb_regs.o
 .ARM.attributes
                0x000000ff       0x33 ..\obj\startup_stm32f10x_md.o
 .ARM.attributes
                0x00000132       0x33 ..\obj\hw_config.o
 .ARM.attributes
                0x00000165       0x33 ..\obj\usb_prop.o
 .ARM.attributes
                0x00000198       0x33 ..\obj\usb_pwr.o
 .ARM.attributes
                0x000001cb       0x33 ..\obj\usb_init.o
 .ARM.attributes
                0x000001fe       0x33 ..\obj\main.o
 .ARM.attributes
                0x00000231       0x33 ..\obj\stm32f10x_rcc.o
 .ARM.attributes
                0x00000264       0x33 ..\obj\usb_sil.o
 .ARM.attributes
                0x00000297       0x33 ..\obj\syscalls.o
 .ARM.attributes
                0x000002ca       0x33 ..\obj\usb_endp.o
 .ARM.attributes
                0x000002fd       0x33 ..\obj\misc.o
 .ARM.attributes
                0x00000330       0x33 ..\obj\usb_mem.o
 .ARM.attributes
                0x00000363       0x33 ..\obj\usb_istr.o
 .ARM.attributes
                0x00000396       0x2d c:/program files (x86)/gnu tools arm embedded/4.8 2014q3/bin/../lib/gcc/arm-none-eabi/4.8.4/../../../../arm-none-eabi/lib/armv7-m\libm.a(lib_a-s_fpclassify.o)
 .ARM.attributes
                0x000003c3       0x1d c:/program files (x86)/gnu tools arm embedded/4.8 2014q3/bin/../lib/gcc/arm-none-eabi/4.8.4/armv7-m\libgcc.a(_arm_addsubdf3.o)
 .ARM.attributes
                0x000003e0       0x1d c:/program files (x86)/gnu tools arm embedded/4.8 2014q3/bin/../lib/gcc/arm-none-eabi/4.8.4/armv7-m\libgcc.a(_arm_muldivdf3.o)
 .ARM.attributes
                0x000003fd       0x1d c:/program files (x86)/gnu tools arm embedded/4.8 2014q3/bin/../lib/gcc/arm-none-eabi/4.8.4/armv7-m\libgcc.a(_arm_cmpdf2.o)
 .ARM.attributes
                0x0000041a       0x1d c:/program files (x86)/gnu tools arm embedded/4.8 2014q3/bin/../lib/gcc/arm-none-eabi/4.8.4/armv7-m\libgcc.a(_arm_fixdfsi.o)
 .ARM.attributes
                0x00000437       0x2d c:/program files (x86)/gnu tools arm embedded/4.8 2014q3/bin/../lib/gcc/arm-none-eabi/4.8.4/../../../../arm-none-eabi/lib/armv7-m\libg.a(lib_a-impure.o)
 .ARM.attributes
                0x00000464       0x2d c:/program files (x86)/gnu tools arm embedded/4.8 2014q3/bin/../lib/gcc/arm-none-eabi/4.8.4/../../../../arm-none-eabi/lib/armv7-m\libg.a(lib_a-mallocr.o)
 .ARM.attributes
                0x00000491       0x2d c:/program files (x86)/gnu tools arm embedded/4.8 2014q3/bin/../lib/gcc/arm-none-eabi/4.8.4/../../../../arm-none-eabi/lib/armv7-m\libg.a(lib_a-memset.o)
 .ARM.attributes
                0x000004be       0x2d c:/program files (x86)/gnu tools arm embedded/4.8 2014q3/bin/../lib/gcc/arm-none-eabi/4.8.4/../../../../arm-none-eabi/lib/armv7-m\libg.a(lib_a-mlock.o)
 .ARM.attributes
                0x000004eb       0x2d c:/program files (x86)/gnu tools arm embedded/4.8 2014q3/bin/../lib/gcc/arm-none-eabi/4.8.4/../../../../arm-none-eabi/lib/armv7-m\libg.a(lib_a-sbrkr.o)
 .ARM.attributes
                0x00000518       0x2d c:/program files (x86)/gnu tools arm embedded/4.8 2014q3/bin/../lib/gcc/arm-none-eabi/4.8.4/../../../../arm-none-eabi/lib/armv7-m\libg.a(lib_a-sprintf.o)
 .ARM.attributes
                0x00000545       0x2d c:/program files (x86)/gnu tools arm embedded/4.8 2014q3/bin/../lib/gcc/arm-none-eabi/4.8.4/../../../../arm-none-eabi/lib/armv7-m\libg.a(lib_a-strlen.o)
 .ARM.attributes
                0x00000572       0x2d c:/program files (x86)/gnu tools arm embedded/4.8 2014q3/bin/../lib/gcc/arm-none-eabi/4.8.4/../../../../arm-none-eabi/lib/armv7-m\libg.a(lib_a-svfprintf.o)
 .ARM.attributes
                0x0000059f       0x2d c:/program files (x86)/gnu tools arm embedded/4.8 2014q3/bin/../lib/gcc/arm-none-eabi/4.8.4/../../../../arm-none-eabi/lib/armv7-m\libg.a(lib_a-dtoa.o)
 .ARM.attributes
                0x000005cc       0x2d c:/program files (x86)/gnu tools arm embedded/4.8 2014q3/bin/../lib/gcc/arm-none-eabi/4.8.4/../../../../arm-none-eabi/lib/armv7-m\libg.a(lib_a-freer.o)
 .ARM.attributes
                0x000005f9       0x2d c:/program files (x86)/gnu tools arm embedded/4.8 2014q3/bin/../lib/gcc/arm-none-eabi/4.8.4/../../../../arm-none-eabi/lib/armv7-m\libg.a(lib_a-locale.o)
 .ARM.attributes
                0x00000626       0x2d c:/program files (x86)/gnu tools arm embedded/4.8 2014q3/bin/../lib/gcc/arm-none-eabi/4.8.4/../../../../arm-none-eabi/lib/armv7-m\libg.a(lib_a-memchr-stub.o)
 .ARM.attributes
                0x00000653       0x1b c:/program files (x86)/gnu tools arm embedded/4.8 2014q3/bin/../lib/gcc/arm-none-eabi/4.8.4/../../../../arm-none-eabi/lib/armv7-m\libg.a(lib_a-memcpy.o)
 .ARM.attributes
                0x0000066e       0x2d c:/program files (x86)/gnu tools arm embedded/4.8 2014q3/bin/../lib/gcc/arm-none-eabi/4.8.4/../../../../arm-none-eabi/lib/armv7-m\libg.a(lib_a-mprec.o)
 .ARM.attributes
                0x0000069b       0x2d c:/program files (x86)/gnu tools arm embedded/4.8 2014q3/bin/../lib/gcc/arm-none-eabi/4.8.4/../../../../arm-none-eabi/lib/armv7-m\libg.a(lib_a-reent.o)
 .ARM.attributes
                0x000006c8       0x2d c:/program files (x86)/gnu tools arm embedded/4.8 2014q3/bin/../lib/gcc/arm-none-eabi/4.8.4/../../../../arm-none-eabi/lib/armv7-m\libg.a(lib_a-svfiprintf.o)
 .ARM.attributes
                0x000006f5       0x2d c:/program files (x86)/gnu tools arm embedded/4.8 2014q3/bin/../lib/gcc/arm-none-eabi/4.8.4/../../../../arm-none-eabi/lib/armv7-m\libg.a(lib_a-callocr.o)
 .ARM.attributes
                0x00000722       0x2d c:/program files (x86)/gnu tools arm embedded/4.8 2014q3/bin/../lib/gcc/arm-none-eabi/4.8.4/../../../../arm-none-eabi/lib/armv7-m\libg.a(lib_a-memmove.o)
 .ARM.attributes
                0x0000074f       0x2d c:/program files (x86)/gnu tools arm embedded/4.8 2014q3/bin/../lib/gcc/arm-none-eabi/4.8.4/../../../../arm-none-eabi/lib/armv7-m\libg.a(lib_a-reallocr.o)
 .ARM.attributes
                0x0000077c       0x1d c:/program files (x86)/gnu tools arm embedded/4.8 2014q3/bin/../lib/gcc/arm-none-eabi/4.8.4/armv7-m\libgcc.a(_aeabi_uldivmod.o)
 .ARM.attributes
                0x00000799       0x2d c:/program files (x86)/gnu tools arm embedded/4.8 2014q3/bin/../lib/gcc/arm-none-eabi/4.8.4/armv7-m\libgcc.a(bpabi.o)
 .ARM.attributes
                0x000007c6       0x1d c:/program files (x86)/gnu tools arm embedded/4.8 2014q3/bin/../lib/gcc/arm-none-eabi/4.8.4/armv7-m\libgcc.a(_dvmd_tls.o)
 .ARM.attributes
                0x000007e3       0x2d c:/program files (x86)/gnu tools arm embedded/4.8 2014q3/bin/../lib/gcc/arm-none-eabi/4.8.4/armv7-m\libgcc.a(_divdi3.o)
 .ARM.attributes
                0x00000810       0x2d c:/program files (x86)/gnu tools arm embedded/4.8 2014q3/bin/../lib/gcc/arm-none-eabi/4.8.4/armv7-m\libgcc.a(_udivdi3.o)

.debug_frame    0x00000000     0x1d54
 .debug_frame   0x00000000      0x254 ..\obj\usb_core.o
 .debug_frame   0x00000254       0x50 ..\obj\usb_int.o
 .debug_frame   0x000002a4       0x80 ..\obj\system_stm32f10x.o
 .debug_frame   0x00000324      0x684 ..\obj\usb_regs.o
 .debug_frame   0x000009a8       0x48 ..\obj\startup_stm32f10x_md.o
 .debug_frame   0x000009f0      0x2b8 ..\obj\hw_config.o
 .debug_frame   0x00000ca8      0x19c ..\obj\usb_prop.o
 .debug_frame   0x00000e44       0xac ..\obj\usb_pwr.o
 .debug_frame   0x00000ef0       0x2c ..\obj\usb_init.o
 .debug_frame   0x00000f1c       0x88 ..\obj\main.o
 .debug_frame   0x00000fa4      0x388 ..\obj\stm32f10x_rcc.o
 .debug_frame   0x0000132c       0x68 ..\obj\usb_sil.o
 .debug_frame   0x00001394      0x108 ..\obj\syscalls.o
 .debug_frame   0x0000149c       0x68 ..\obj\usb_endp.o
 .debug_frame   0x00001504       0x9c ..\obj\misc.o
 .debug_frame   0x000015a0       0x48 ..\obj\usb_mem.o
 .debug_frame   0x000015e8       0x2c ..\obj\usb_istr.o
 .debug_frame   0x00001614       0x28 c:/program files (x86)/gnu tools arm embedded/4.8 2014q3/bin/../lib/gcc/arm-none-eabi/4.8.4/../../../../arm-none-eabi/lib/armv7-m\libm.a(lib_a-s_fpclassify.o)
 .debug_frame   0x0000163c       0x38 c:/program files (x86)/gnu tools arm embedded/4.8 2014q3/bin/../lib/gcc/arm-none-eabi/4.8.4/../../../../arm-none-eabi/lib/armv7-m\libg.a(lib_a-mallocr.o)
 .debug_frame   0x00001674       0x2c c:/program files (x86)/gnu tools arm embedded/4.8 2014q3/bin/../lib/gcc/arm-none-eabi/4.8.4/../../../../arm-none-eabi/lib/armv7-m\libg.a(lib_a-memset.o)
 .debug_frame   0x000016a0       0x30 c:/program files (x86)/gnu tools arm embedded/4.8 2014q3/bin/../lib/gcc/arm-none-eabi/4.8.4/../../../../arm-none-eabi/lib/armv7-m\libg.a(lib_a-mlock.o)
 .debug_frame   0x000016d0       0x2c c:/program files (x86)/gnu tools arm embedded/4.8 2014q3/bin/../lib/gcc/arm-none-eabi/4.8.4/../../../../arm-none-eabi/lib/armv7-m\libg.a(lib_a-sbrkr.o)
 .debug_frame   0x000016fc       0x64 c:/program files (x86)/gnu tools arm embedded/4.8 2014q3/bin/../lib/gcc/arm-none-eabi/4.8.4/../../../../arm-none-eabi/lib/armv7-m\libg.a(lib_a-sprintf.o)
 .debug_frame   0x00001760       0x20 c:/program files (x86)/gnu tools arm embedded/4.8 2014q3/bin/../lib/gcc/arm-none-eabi/4.8.4/../../../../arm-none-eabi/lib/armv7-m\libg.a(lib_a-strlen.o)
 .debug_frame   0x00001780       0x3c c:/program files (x86)/gnu tools arm embedded/4.8 2014q3/bin/../lib/gcc/arm-none-eabi/4.8.4/../../../../arm-none-eabi/lib/armv7-m\libg.a(lib_a-svfprintf.o)
 .debug_frame   0x000017bc       0x64 c:/program files (x86)/gnu tools arm embedded/4.8 2014q3/bin/../lib/gcc/arm-none-eabi/4.8.4/../../../../arm-none-eabi/lib/armv7-m\libg.a(lib_a-dtoa.o)
 .debug_frame   0x00001820       0x50 c:/program files (x86)/gnu tools arm embedded/4.8 2014q3/bin/../lib/gcc/arm-none-eabi/4.8.4/../../../../arm-none-eabi/lib/armv7-m\libg.a(lib_a-freer.o)
 .debug_frame   0x00001870       0x98 c:/program files (x86)/gnu tools arm embedded/4.8 2014q3/bin/../lib/gcc/arm-none-eabi/4.8.4/../../../../arm-none-eabi/lib/armv7-m\libg.a(lib_a-locale.o)
 .debug_frame   0x00001908       0x2c c:/program files (x86)/gnu tools arm embedded/4.8 2014q3/bin/../lib/gcc/arm-none-eabi/4.8.4/../../../../arm-none-eabi/lib/armv7-m\libg.a(lib_a-memchr-stub.o)
 .debug_frame   0x00001934      0x228 c:/program files (x86)/gnu tools arm embedded/4.8 2014q3/bin/../lib/gcc/arm-none-eabi/4.8.4/../../../../arm-none-eabi/lib/armv7-m\libg.a(lib_a-mprec.o)
 .debug_frame   0x00001b5c       0x48 c:/program files (x86)/gnu tools arm embedded/4.8 2014q3/bin/../lib/gcc/arm-none-eabi/4.8.4/../../../../arm-none-eabi/lib/armv7-m\libg.a(lib_a-reent.o)
 .debug_frame   0x00001ba4       0x64 c:/program files (x86)/gnu tools arm embedded/4.8 2014q3/bin/../lib/gcc/arm-none-eabi/4.8.4/../../../../arm-none-eabi/lib/armv7-m\libg.a(lib_a-svfiprintf.o)
 .debug_frame   0x00001c08       0x28 c:/program files (x86)/gnu tools arm embedded/4.8 2014q3/bin/../lib/gcc/arm-none-eabi/4.8.4/../../../../arm-none-eabi/lib/armv7-m\libg.a(lib_a-callocr.o)
 .debug_frame   0x00001c30       0x2c c:/program files (x86)/gnu tools arm embedded/4.8 2014q3/bin/../lib/gcc/arm-none-eabi/4.8.4/../../../../arm-none-eabi/lib/armv7-m\libg.a(lib_a-memmove.o)
 .debug_frame   0x00001c5c       0x38 c:/program files (x86)/gnu tools arm embedded/4.8 2014q3/bin/../lib/gcc/arm-none-eabi/4.8.4/../../../../arm-none-eabi/lib/armv7-m\libg.a(lib_a-reallocr.o)
 .debug_frame   0x00001c94       0x58 c:/program files (x86)/gnu tools arm embedded/4.8 2014q3/bin/../lib/gcc/arm-none-eabi/4.8.4/armv7-m\libgcc.a(bpabi.o)
 .debug_frame   0x00001cec       0x34 c:/program files (x86)/gnu tools arm embedded/4.8 2014q3/bin/../lib/gcc/arm-none-eabi/4.8.4/armv7-m\libgcc.a(_divdi3.o)
 .debug_frame   0x00001d20       0x34 c:/program files (x86)/gnu tools arm embedded/4.8 2014q3/bin/../lib/gcc/arm-none-eabi/4.8.4/armv7-m\libgcc.a(_udivdi3.o)
